// Jest Snapshot v1, https://goo.gl/fbAQLP

exports[`#render renders correctly 1`] = `
<div
  className="mobileSize desktopSize table"
>
  <div
    className="categories"
  >
    <div
      className="category"
    >
      <div
        className="rowContainer row false"
      >
        <span
          className="name grow"
        >
          Total
        </span>
        <span
          className="value grow"
        >
          ($
          687.79
          )
        </span>
        <div
          className="filler"
        />
        <div
          className="line"
        />
      </div>
    </div>
  </div>
  <div
    className="filler"
  />
  <div
    className="bottom"
  >
    <div
      className="add"
    >
      <input
        className="input name"
        id="name"
        name="name"
        onChange={[Function]}
        onKeyDown={[Function]}
        placeholder="Name"
        value=""
      />
      <label
        className="label"
        htmlFor="name"
      >
        name
      </label>
      <input
        className="input "
        id="value"
        name="value"
        onChange={[Function]}
        onKeyDown={[Function]}
        placeholder="Value ($)"
        value=""
      />
      <label
        className="label"
        htmlFor="value"
      >
        value
      </label>
      <div
        className="dropdown dropdown"
        onClick={[Function]}
      >
        <span>
          Electronics
        </span>
        <test-file-stub
          className="chevron"
          viewBox="0 0 24 24"
        />
      </div>
      <test-file-stub
        className="button"
        onClick={[Function]}
      />
    </div>
  </div>
  <div
    className="Toastify"
  />
</div>
`;
